"Pending" rows=3 subgroups=1 height=1 complete=true
  agg[category]: count=3 unique=2
  agg[amount]: count=3 sum=192 avg=64 min=61 max=67 stddev=2.45
  agg[score]: count=3 sum=7.75 avg=2.58 min=0.25 max=4.25 stddev=1.7
  agg[flag]: count=3 true=1 false=2 ratio=33.3%
  agg[note]: count=3 unique=3
  "North" rows=3 subgroups=0 height=1 complete=true
    agg[category]: count=3 unique=2
    agg[amount]: count=3 sum=192 avg=64 min=61 max=67 stddev=2.45
    agg[score]: count=3 sum=7.75 avg=2.58 min=0.25 max=4.25 stddev=1.7
    agg[flag]: count=3 true=1 false=2 ratio=33.3%
    agg[note]: count=3 unique=3
"Inactive" rows=3 subgroups=1 height=1 complete=true
  agg[category]: count=3 unique=2
  agg[amount]: count=3 sum=111 avg=37 min=34 max=40 stddev=2.45
  agg[score]: count=3 sum=5.75 avg=1.92 min=0.25 max=4.25 stddev=1.7
  agg[flag]: count=3 true=1 false=2 ratio=33.3%
  agg[note]: count=3 unique=3
  "North" rows=3 subgroups=0 height=1 complete=true
    agg[category]: count=3 unique=2
    agg[amount]: count=3 sum=111 avg=37 min=34 max=40 stddev=2.45
    agg[score]: count=3 sum=5.75 avg=1.92 min=0.25 max=4.25 stddev=1.7
    agg[flag]: count=3 true=1 false=2 ratio=33.3%
    agg[note]: count=3 unique=3

=== ascii ===
|--------|-----|
|Pending |North|
|--------|-----|
|--------|-----|
